// Jest Snapshot v1, https://goo.gl/fbAQLP

exports[`MovieSnippet tests renders correctly 1`] = `
<div>
  <div
    class="movie-snippet-container"
  >
    <div
      class="cover-wrapper"
    >
      <img
        alt="movie-cover"
        id="p2636551330"
        src="http://localhost:5000/images/poster/p2636551330.jpeg"
      />
    </div>
    <p
      class="movie-snippet-info"
    >
      <span>
        <img
          alt="new-movie"
          class="new"
          src="new-icon.png"
        />
      </span>
      <span>
        nobody
      </span>
      <span
        class="rating"
      >
        7
      </span>
    </p>
  </div>
</div>
`;
